node.exe : [baseline-browser-mapping] The data in this module is over two months old.  To ensure accurate Baseline 
data, please update: `npm i baseline-browser-mapping@latest -D`
At C:\Users\msms5\AppData\Roaming\npm\npx.ps1:24 char:5
+     & "node$exe"  "$basedir/node_modules/npm/bin/npx-cli.js" $args
+     ~~~~~~~~~~~~~~~~~~~~~~~~~~~~~~~~~~~~~~~~~~~~~~~~~~~~~~~~~~~~~~
    + CategoryInfo          : NotSpecified: ([baseline-brows...ping@latest -D`:String) [], RemoteException
    + FullyQualifiedErrorId : NativeCommandError
 
  console.warn
    ÔÜá´©Å EMAIL WARNING: Missing EMAIL_HOST or EMAIL_USERNAME in .env file. Emails will fail.

    [0m [90m 1 |[39m [36mconst[39m nodemailer [33m=[39m require([32m"nodemailer"[39m)[33m;[39m
     [90m 2 |[39m [36mif[39m ([33m![39mprocess[33m.[39menv[33m.[39m[33mEMAIL_HOST[39m [33m||[39m [33m![39mprocess[33m.[39menv[33m.[39m[33mEMAIL_USERNAME[39m) {
    [31m[1m>[22m[39m[90m 3 |[39m   console[33m.[39mwarn(
     [90m   |[39m           [31m[1m^[22m[39m
     [90m 4 |[39m     [32m"ÔÜá´©Å EMAIL WARNING: Missing EMAIL_HOST or EMAIL_USERNAME in .env file. Emails will fail."[39m[33m,[39m
     [90m 5 |[39m   )[33m;[39m
     [90m 6 |[39m }[0m

      at Object.warn (src/core/infra/email.js:3:11)
      at Object.require (src/modules/auth/core/auth.controller.js:15:19)
      at Object.require (src/routes/v1/auth.routes.js:6:24)
      at Object.require (src/indexes/routesIndex.js:3:15)
      at Object.require (src/routes/routeRegistrynew.js:1:16)
      at Object.require (src/app.js:24:24)
      at Object.require (tests/dropdown.test.js:4:13)

  console.log
    Ôä╣´©Å [WebhookQueue] Redis disabled. Background webhooks will be skipped.

      at Object.log (src/modules/webhook/webhook.queue.js:48:11)

  console.debug
    [AI AGENT] LangChain init failed: Cannot use import statement outside a module

      at debug (src/modules/ai/agentService.js:2:86)

  console.error
    ÔØî Email Connection Failed: connect ECONNREFUSED ::1:587

    [0m [90m 21 |[39m transporter[33m.[39mverify((error[33m,[39m success) [33m=>[39m {
     [90m 22 |[39m   [36mif[39m (error) {
    [31m[1m>[22m[39m[90m 23 |[39m     console[33m.[39merror([32m"ÔØî Email Connection Failed:"[39m[33m,[39m error[33m.[39mmessage)[33m;[39m
     [90m    |[39m             [31m[1m^[22m[39m
     [90m 24 |[39m   } [36melse[39m {
     [90m 25 |[39m     console[33m.[39mlog([32m"Ô£à Email Server Ready"[39m)[33m;[39m
     [90m 26 |[39m   }[0m

      at error (src/core/infra/email.js:23:13)
      at SMTPConnection.<anonymous> (node_modules/nodemailer/lib/smtp-transport/index.js:347:24)
      at SMTPConnection._onError (node_modules/nodemailer/lib/smtp-connection/index.js:799:14)
      at Socket.SMTPConnection._onSocketError (node_modules/nodemailer/lib/smtp-connection/index.js:196:45)

[33mwarn[39m: You are not logged in. Please log in to access this resource. {"method":"GET","path":"/api/v1/dropdowns/branches","requestId":"ff842b8f-8565-4c4a-8b2c-c891c73e5442","timestamp":"13:46:37"}
FAIL tests/dropdown.test.js (36.676 s)
  Dropdown Factory Integration Tests
    Dropdown Isolation & Filtering
      ├ù SUCCESS: Should return only active, non-deleted branches for the logged-in org (113 ms)
      ├ù FILTER: Should respect the search query parameter (48 ms)
      ├ù HYDRATION: Should force-include specific IDs even if they are inactive (includeIds) (59 ms)
      ├ù PAGINATION: Should respect limit parameter (33 ms)
      ├ù SECURITY: Should reject requests without a token (30017 ms)

  ÔùÅ Dropdown Factory Integration Tests ÔÇ║ Dropdown Isolation & Filtering ÔÇ║ SUCCESS: Should return only active, 
non-deleted branches for the logged-in org

    expect(received).toContain(expected) // indexOf

    Expected value: "Main Branch"
    Received array: ["Main Branch []", "North Branch []"]

    [0m [90m 109 |[39m       
     [90m 110 |[39m       [36mconst[39m labels [33m=[39m res[33m.[39mbody[33m.[39mdata[33m.[39mmap(d 
[33m=>[39m d[33m.[39mlabel)[33m;[39m
    [31m[1m>[22m[39m[90m 111 |[39m       expect(labels)[33m.[39mtoContain([32m'Main Branch'[39m)[33m;[39m
     [90m     |[39m                      [31m[1m^[22m[39m
     [90m 112 |[39m       expect(labels)[33m.[39mtoContain([32m'North Branch'[39m)[33m;[39m
     [90m 113 |[39m       expect(labels)[33m.[39mnot[33m.[39mtoContain([32m'Closed Branch'[39m)[33m;[39m
     [90m 114 |[39m       expect(labels)[33m.[39mnot[33m.[39mtoContain([32m'Foreign Branch'[39m)[33m;[39m[0m

      at Object.toContain (tests/dropdown.test.js:111:22)

  ÔùÅ Dropdown Factory Integration Tests ÔÇ║ Dropdown Isolation & Filtering ÔÇ║ FILTER: Should respect the search 
query parameter

    expect(received).toBe(expected) // Object.is equality

    Expected: "North Branch"
    Received: "North Branch []"

    [0m [90m 121 |[39m
     [90m 122 |[39m       expect(res[33m.[39mbody[33m.[39mdata)[33m.[39mtoHaveLength([35m1[39m)[33m;[39m
    [31m[1m>[22m[39m[90m 123 |[39m       
expect(res[33m.[39mbody[33m.[39mdata[[35m0[39m][33m.[39mlabel)[33m.[39mtoBe([32m'North 
Branch'[39m)[33m;[39m
     [90m     |[39m                                      [31m[1m^[22m[39m
     [90m 124 |[39m     })[33m;[39m
     [90m 125 |[39m
     [90m 126 |[39m     test([32m'HYDRATION: Should force-include specific IDs even if they are inactive 
(includeIds)'[39m[33m,[39m [36masync[39m () [33m=>[39m {[0m

      at Object.toBe (tests/dropdown.test.js:123:38)

  ÔùÅ Dropdown Factory Integration Tests ÔÇ║ Dropdown Isolation & Filtering ÔÇ║ HYDRATION: Should force-include 
specific IDs even if they are inactive (includeIds)

    expect(received).toContain(expected) // indexOf

    Expected value: "Closed Branch"
    Received array: ["Closed Branch []", "Main Branch []", "North Branch []"]

    [0m [90m 133 |[39m       [90m// Should return 2 active branches + 1 forced inactive branch[39m
     [90m 134 |[39m       expect(res[33m.[39mbody[33m.[39mdata)[33m.[39mtoHaveLength([35m3[39m)[33m;[39m
    [31m[1m>[22m[39m[90m 135 |[39m       expect(res[33m.[39mbody[33m.[39mdata[33m.[39mmap(d [33m=>[39m 
d[33m.[39mlabel))[33m.[39mtoContain([32m'Closed Branch'[39m)[33m;[39m
     [90m     |[39m                                               [31m[1m^[22m[39m
     [90m 136 |[39m     })[33m;[39m
     [90m 137 |[39m
     [90m 138 |[39m     test([32m'PAGINATION: Should respect limit parameter'[39m[33m,[39m [36masync[39m () 
[33m=>[39m {[0m

      at Object.toContain (tests/dropdown.test.js:135:47)

  ÔùÅ Dropdown Factory Integration Tests ÔÇ║ Dropdown Isolation & Filtering ÔÇ║ PAGINATION: Should respect limit 
parameter

    expect(received).toBe(expected) // Object.is equality

    Expected: 2
    Received: 5

    [0m [90m 143 |[39m       
expect(res[33m.[39mbody[33m.[39mdata)[33m.[39mtoHaveLength([35m1[39m)[33m;[39m
     [90m 144 |[39m       expect(res[33m.[39mbody[33m.[39mhasMore)[33m.[39mtoBe([36mtrue[39m)[33m;[39m
    [31m[1m>[22m[39m[90m 145 |[39m       
expect(res[33m.[39mbody[33m.[39mtotal)[33m.[39mtoBe([35m2[39m)[33m;[39m [90m// Total active branches[39m
     [90m     |[39m                              [31m[1m^[22m[39m
     [90m 146 |[39m     })[33m;[39m
     [90m 147 |[39m
     [90m 148 |[39m     test([32m'SECURITY: Should reject requests without a token'[39m[33m,[39m [36masync[39m 
() [33m=>[39m {[0m

      at Object.toBe (tests/dropdown.test.js:145:30)

  ÔùÅ Dropdown Factory Integration Tests ÔÇ║ Dropdown Isolation & Filtering ÔÇ║ SECURITY: Should reject requests 
without a token

    thrown: "Exceeded timeout of 30000 ms for a test.
    Add a timeout value to this test to increase the timeout, if this is a long-running test. See 
https://jestjs.io/docs/api#testname-fn-timeout."

    [0m [90m 146 |[39m     })[33m;[39m
     [90m 147 |[39m
    [31m[1m>[22m[39m[90m 148 |[39m     test([32m'SECURITY: Should reject requests without a 
token'[39m[33m,[39m [36masync[39m () [33m=>[39m {
     [90m     |[39m     [31m[1m^[22m[39m
     [90m 149 |[39m       [36mconst[39m res [33m=[39m [36mawait[39m 
request(app)[33m.[39m[36mget[39m([32m'/api/v1/dropdowns/branches'[39m)[33m;[39m
     [90m 150 |[39m       expect(res[33m.[39mstatusCode)[33m.[39mtoBe([35m401[39m)[33m;[39m
     [90m 151 |[39m     })[33m;[39m[0m

      at test (tests/dropdown.test.js:148:5)
      at describe (tests/dropdown.test.js:80:3)
      at Object.describe (tests/dropdown.test.js:11:1)

Test Suites: 1 failed, 1 total
Tests:       5 failed, 5 total
Snapshots:   0 total
Time:        36.761 s, estimated 37 s
Ran all test suites matching tests/dropdown.test.js.
Jest did not exit one second after the test run has completed.

'This usually means that there are asynchronous operations that weren't stopped in your tests. Consider running Jest 
with `--detectOpenHandles` to troubleshoot this issue.
